// Jest Snapshot v1, https://goo.gl/fbAQLP

exports[`renders correctly 1`] = `
Array [
  <div
    className="home_header"
  >
    <h1>
      Discover flowers around you
    </h1>
    <p>
      Explore between more than 8.427 sightings
    </p>
    <div
      style={
        Object {
          "display": "flex",
          "justifyContent": "center",
        }
      }
    >
       
      <div
        className="MuiFormControl-root css-qvhgdm-MuiFormControl-root"
        style={
          Object {
            "backgroundColor": "white",
          }
        }
      >
        <div
          className="MuiInputBase-root MuiOutlinedInput-root MuiInputBase-colorError MuiInputBase-formControl MuiInputBase-adornedEnd search__bar css-9xw4gu-MuiInputBase-root-MuiOutlinedInput-root"
          onClick={[Function]}
        >
          <input
            aria-invalid={false}
            className="MuiInputBase-input MuiOutlinedInput-input MuiInputBase-inputAdornedEnd css-nxo287-MuiInputBase-input-MuiOutlinedInput-input"
            disabled={false}
            id="search-bar"
            onAnimationStart={[Function]}
            onBlur={[Function]}
            onChange={[Function]}
            onFocus={[Function]}
            placeholder="Looking for something specific"
            required={false}
            type="text"
            value=""
          />
          <div
            className="MuiInputAdornment-root MuiInputAdornment-positionEnd MuiInputAdornment-outlined MuiInputAdornment-sizeMedium css-1laqsz7-MuiInputAdornment-root"
          >
            <button
              aria-label="toggle password visibility"
              className="MuiButtonBase-root MuiIconButton-root MuiIconButton-colorError MuiIconButton-edgeEnd MuiIconButton-sizeMedium css-gmng1k-MuiButtonBase-root-MuiIconButton-root"
              disabled={false}
              onBlur={[Function]}
              onClick={[Function]}
              onContextMenu={[Function]}
              onDragLeave={[Function]}
              onFocus={[Function]}
              onKeyDown={[Function]}
              onKeyUp={[Function]}
              onMouseDown={[Function]}
              onMouseLeave={[Function]}
              onMouseUp={[Function]}
              onTouchEnd={[Function]}
              onTouchMove={[Function]}
              onTouchStart={[Function]}
              tabIndex={0}
              type="button"
            >
              <svg
                aria-hidden={true}
                className="MuiSvgIcon-root MuiSvgIcon-fontSizeMedium css-i4bv87-MuiSvgIcon-root"
                data-testid="SearchIcon"
                focusable="false"
                viewBox="0 0 24 24"
              >
                <path
                  d="M15.5 14h-.79l-.28-.27C15.41 12.59 16 11.11 16 9.5 16 5.91 13.09 3 9.5 3S3 5.91 3 9.5 5.91 16 9.5 16c1.61 0 3.09-.59 4.23-1.57l.27.28v.79l5 4.99L20.49 19l-4.99-5zm-6 0C7.01 14 5 11.99 5 9.5S7.01 5 9.5 5 14 7.01 14 9.5 11.99 14 9.5 14z"
                />
              </svg>
            </button>
          </div>
          <fieldset
            aria-hidden={true}
            className="MuiOutlinedInput-notchedOutline css-1d3z3hw-MuiOutlinedInput-notchedOutline"
          >
            <legend
              className="css-ihdtdm"
            >
              <span
                className="notranslate"
              >
                â€‹
              </span>
            </legend>
          </fieldset>
        </div>
      </div>
    </div>
  </div>,
  <div
    className="MuiGrid-root MuiGrid-container MuiGrid-spacing-xs-3 css-13mmjd8-MuiGrid-root"
  />,
  "   ",
]
`;
